// Jest Snapshot v1, https://goo.gl/fbAQLP

exports[`PageRouter renders correctly 1`] = `
<Switch>
  <Route
    component={[Function]}
    exact={true}
    key="home"
    path="/"
  />
  <Route
    component={[Function]}
    exact={true}
    key="oss"
    path="/oss"
  />
  <Route
    component={[Function]}
    exact={true}
    key="transforms"
    path="/transforms"
  />
  <Route
    component={[Function]}
    exact={true}
    key="Binary To Decimal"
    path="/transforms/binary-to-decimal"
  />
  <Route
    component={[Function]}
    exact={true}
    key="decimal.js-light"
    path="/oss/decimal-js-light"
  />
  <Route
    path="*"
  >
    <NotFound />
  </Route>
</Switch>
`;
