// Jest Snapshot v1, https://goo.gl/fbAQLP

exports[`toUpper has the correct attributes 1`] = `
Object {
  "defaultOutput": "",
  "execute": [Function],
  "inputTypeName": "Text",
  "name": "To Uppercase",
  "openSourceProject": undefined,
  "outputTypeName": "Uppercased Text",
  "slug": "to-upper",
}
`;
