// Jest Snapshot v1, https://goo.gl/fbAQLP

exports[`CSV to XLS has the correct attributes 1`] = `
Object {
  "execute": [Function],
  "inputType": "CSV",
  "name": "CSV to XLS",
  "outputType": "XLS",
  "project": Object {
    "license": "apache-2.0",
    "name": "xlsx",
    "projectHref": "https://sheetjs.com/opensource",
    "repositoryHref": "https://github.com/SheetJS/js-xlsx",
  },
  "slug": "csv-to-xls",
}
`;

exports[`CSV to XLS when called with valid input produces the correct output 1`] = `"TEST OUTPUT: stuff"`;
