// Jest Snapshot v1, https://goo.gl/fbAQLP

exports[`TransformList renders correctly 1`] = `
<WithStyles(ForwardRef(List))>
  <ListItemLink
    href="/transforms/foo-to-bar"
    icon={
      Object {
        "$$typeof": Symbol(react.memo),
        "compare": null,
        "displayName": "EditIcon",
        "muiName": "SvgIcon",
        "type": Object {
          "$$typeof": Symbol(react.forward_ref),
          "render": [Function],
        },
      }
    }
    key="foo-to-bar"
    text="Foo to Bar"
  />
</WithStyles(ForwardRef(List))>
`;
