// Jest Snapshot v1, https://goo.gl/fbAQLP

exports[`XLS to CSV has the correct attributes 1`] = `
Object {
  "execute": [Function],
  "inputType": "XLS",
  "name": "XLS to CSV",
  "outputType": "CSV",
  "project": Object {
    "license": "apache-2.0",
    "name": "xlsx",
    "projectHref": "https://sheetjs.com/opensource",
    "repositoryHref": "https://github.com/SheetJS/js-xlsx",
  },
  "slug": "xls-to-csv",
}
`;

exports[`XLS to CSV when called with valid input produces the correct output 1`] = `"TEST OUTPUT: stuff"`;
