// Jest Snapshot v1, https://goo.gl/fbAQLP

exports[`Footer renders correctly 1`] = `
<footer>
  <Styled(MuiBox)
    key="Social Media"
    mb={1}
  >
    <WithStyles(ForwardRef(List))
      component="nav"
      dense={true}
      subheader={
        <ForwardRef(WithStyles)>
          Social Media
        </ForwardRef(WithStyles)>
      }
    >
      <ListItemLink
        href="https://twitter.com/textpipeline"
        icon={
          Object {
            "$$typeof": Symbol(react.memo),
            "compare": null,
            "displayName": "TwitterIcon",
            "muiName": "SvgIcon",
            "type": Object {
              "$$typeof": Symbol(react.forward_ref),
              "render": [Function],
            },
          }
        }
        isExternal={true}
        key="Social Media-Twitter"
        text="Twitter"
      />
      <ListItemLink
        href="https://github.com/textpipeline"
        icon={
          Object {
            "$$typeof": Symbol(react.memo),
            "compare": null,
            "displayName": "GitHubIcon",
            "muiName": "SvgIcon",
            "type": Object {
              "$$typeof": Symbol(react.forward_ref),
              "render": [Function],
            },
          }
        }
        isExternal={true}
        key="Social Media-GitHub"
        text="GitHub"
      />
    </WithStyles(ForwardRef(List))>
  </Styled(MuiBox)>
  <WithStyles(ForwardRef(Divider)) />
  <Styled(MuiBox)
    key="Resources"
    mb={1}
  >
    <WithStyles(ForwardRef(List))
      component="nav"
      dense={true}
      subheader={
        <ForwardRef(WithStyles)>
          Resources
        </ForwardRef(WithStyles)>
      }
    >
      <ListItemLink
        href="#"
        isExternal={false}
        key="Resources-About"
        text="About"
      />
      <ListItemLink
        href="#"
        isExternal={false}
        key="Resources-Open Source"
        text="Open Source"
      />
      <ListItemLink
        href="#"
        isExternal={false}
        key="Resources-Stats"
        text="Stats"
      />
      <ListItemLink
        href="#"
        isExternal={false}
        key="Resources-FAQ"
        text="FAQ"
      />
      <ListItemLink
        href="#"
        isExternal={false}
        key="Resources-Privacy Policy"
        text="Privacy Policy"
      />
      <ListItemLink
        href="#"
        isExternal={false}
        key="Resources-Terms of Use"
        text="Terms of Use"
      />
    </WithStyles(ForwardRef(List))>
  </Styled(MuiBox)>
</footer>
`;
