// Jest Snapshot v1, https://goo.gl/fbAQLP

exports[`Head renders correctly 1`] = `
<HelmetWrapper
  defer={true}
  encodeSpecialCharacters={true}
>
  <title>
    Text Pipeline
  </title>
  <meta
    charSet="utf-8"
  />
  <meta
    content="minimum-scale=1, initial-scale=1, width=device-width, shrink-to-fit=no"
    name="viewport"
  />
  <meta
    content=""
    name="description"
  />
</HelmetWrapper>
`;
