// Jest Snapshot v1, https://goo.gl/fbAQLP

exports[`Home renders correctly 1`] = `
<Styled(MuiBox)
  alignItems="center"
  display="flex"
  flexDirection="column"
  height="100%"
  justifyContent="center"
  width="100%"
>
  <Heading
    level={1}
    semanticLevel={2}
  >
    What text do you want to transform?
  </Heading>
  <WithStyles(ForwardRef(Typography))
    variant="subtitle1"
  >
    Choose a text transform from the menu.
  </WithStyles(ForwardRef(Typography))>
  <RepeatIcon
    className="makeStyles-icon-1"
  />
</Styled(MuiBox)>
`;
