// Jest Snapshot v1, https://goo.gl/fbAQLP

exports[`Navigation renders correctly 1`] = `
<WithStyles(ForwardRef(Drawer))
  anchor="left"
  className="makeStyles-drawer-1 makeStyles-drawer-3"
  classes={
    Object {
      "paper": "makeStyles-drawerPaper-2 makeStyles-drawerPaper-4",
    }
  }
  variant="permanent"
>
  <Header />
  <NavigationSection
    isPrimary={true}
  >
    <TransformList />
  </NavigationSection>
  <NavigationSection>
    <Footer />
  </NavigationSection>
</WithStyles(ForwardRef(Drawer))>
`;
