// Jest Snapshot v1, https://goo.gl/fbAQLP

exports[`Header renders correctly 1`] = `
<Styled(MuiBox)
  p={2}
>
  <Heading
    align="center"
    level={2}
    noWrap={true}
    semanticLevel={1}
  >
    <ForwardRef
      href="/"
      underline="none"
    >
      <Styled(MuiBox)
        color="primary.main"
        component="span"
        display="inline"
      >
        Text
      </Styled(MuiBox)>
      <Styled(MuiBox)
        color="black"
        component="span"
        display="inline"
      >
        Pipeline
      </Styled(MuiBox)>
    </ForwardRef>
  </Heading>
</Styled(MuiBox)>
`;
