// Jest Snapshot v1, https://goo.gl/fbAQLP

exports[`toLower has the correct attributes 1`] = `
Object {
  "defaultOutput": "",
  "execute": [Function],
  "inputTypeName": "Text",
  "name": "To Lowercase",
  "openSourceProject": undefined,
  "outputTypeName": "Lowercased Text",
  "slug": "to-lower",
}
`;
