// Jest Snapshot v1, https://goo.gl/fbAQLP

exports[`routes has the correct routes 1`] = `
Object {
  "home": Object {
    "component": [Function],
    "exact": true,
    "path": "/",
  },
  "oss": Object {
    "component": [Function],
    "exact": true,
    "path": "/oss",
  },
  "oss-decamelize": Object {
    "component": [Function],
    "exact": true,
    "path": "/oss/decamelize",
  },
  "oss-decimal-js": Object {
    "component": [Function],
    "exact": true,
    "path": "/oss/decimal-js",
  },
  "transform-binary-to-decimal": Object {
    "component": [Function],
    "exact": true,
    "path": "/transforms/binary-to-decimal",
  },
  "transform-camel-to-snake": Object {
    "component": [Function],
    "exact": true,
    "path": "/transforms/camel-to-snake",
  },
  "transform-decimal-to-binary": Object {
    "component": [Function],
    "exact": true,
    "path": "/transforms/decimal-to-binary",
  },
  "transform-reverse": Object {
    "component": [Function],
    "exact": true,
    "path": "/transforms/reverse",
  },
  "transform-to-lower": Object {
    "component": [Function],
    "exact": true,
    "path": "/transforms/to-lower",
  },
  "transform-to-upper": Object {
    "component": [Function],
    "exact": true,
    "path": "/transforms/to-upper",
  },
}
`;
